C51 COMPILER V9.60.0.0   STEPPER_MOTOR                                                     08/10/2022 15:39:04 PAGE 1   


C51 COMPILER V9.60.0.0, COMPILATION OF MODULE STEPPER_MOTOR
OBJECT MODULE PLACED IN .\Objects\stepper_motor.obj
COMPILER INVOKED BY: C:\Keil_v5\C51\BIN\C51.EXE stepper_motor.c OPTIMIZE(8,SPEED) BROWSE DEBUG OBJECTEXTEND PRINT(.\List
                    -ings\stepper_motor.lst) TABS(2) OBJECT(.\Objects\stepper_motor.obj)

line level    source

   1          /*----
   2          
   3              // Wave drive Mode
   4          
   5          #include<reg51.h>
   6          void ms_delay(unsigned int t) //To create a delay of 200 ms = 200 x 1ms
   7              {
   8              unsigned i,j ;
   9              for(i=0;i<t;i++)       //200 times 1 ms delay
  10              for(j=0;j<1275;j++);   //1ms delay
  11              }
  12          void main()
  13          {
  14              while(1) // To repeat infinitely
  15              {
  16                  P2=0x08;           //P2 = 0000 1000 First Step
  17                  ms_delay(200);
  18                  P2=0x04;           //P2 = 0000 0100 Second Step
  19                  ms_delay(200);
  20                  P2=0x02;           //P2 = 0000 0010 Third Step
  21                  ms_delay(200);
  22                  P2=0x01;           //P2 = 0000 0001 Fourth Step
  23                  ms_delay(200);
  24              }
  25          }
  26          
  27          ----*/
  28          
  29          
  30          
  31                // Full drive Mode
  32          
  33          #include<reg51.h>
  34          void ms_delay(unsigned int t) //To create a delay of 200 ms = 200 x 1ms
  35              {
  36   1          unsigned i,j ;
  37   1          for(i=0;i<t;i++)       //200 times 1 ms delay
  38   1          for(j=0;j<1275;j++);   //1ms delay
  39   1          }
  40          void main()
  41          {
  42   1          while(1) // To repeat infinitely
  43   1          {
  44   2              P2=0x0C;           //P2 = 0000 1000 First Step
  45   2              ms_delay(200);
  46   2              P2=0x06;           //P2 = 0000 0100 Second Step
  47   2              ms_delay(200);
  48   2              P2=0x03;           //P2 = 0000 0010 Third Step
  49   2              ms_delay(200);
  50   2              P2=0x09;           //P2 = 0000 0001 Fourth Step
  51   2              ms_delay(200);
  52   2          }
  53   1      }
  54          
C51 COMPILER V9.60.0.0   STEPPER_MOTOR                                                     08/10/2022 15:39:04 PAGE 2   

  55          
  56          
  57          /*-----
  58          
  59          // Half Drive Mode
  60          #include<reg51.h>
  61          void ms_delay(unsigned int t)  //To create a delay of 200 ms = 200 x 1ms
  62              {
  63              unsigned i,j ;
  64              for(i=0;i<t;i++)    
  65              for(j=0;j<1275;j++);
  66              }
  67          void main()
  68          {
  69              while (1) 
  70              {
  71                  P2 = 0x08;         //P2 = 0000 1000 First Step
  72                  ms_delay(200);
  73                  P2 = 0x0C;         //P2 = 0000 1100 Second Step
  74                  ms_delay(200);
  75                  P2 = 0x04;         //P2 = 0000 0100 Third Step
  76                  ms_delay(200);
  77                  P2 = 0x06;         //P2 = 0000 0110 Fourth Step
  78                  ms_delay(200);
  79                  P2 = 0x02;         //P2 = 0000 0010 Fifth Step
  80                  ms_delay(200); 
  81                  P2 = 0x03;         //P2 = 0000 0011 Sixth Step
  82                  ms_delay(200); 
  83                  P2 = 0x01;         //P2 = 0000 0001 Seventh Step
  84                  ms_delay(200); 
  85                  P2 = 0x09;         //P2 = 0000 1001 Eight Step
  86                  ms_delay(200); 
  87              }
  88          }
  89          
  90          
  91          -----*/


MODULE INFORMATION:   STATIC OVERLAYABLE
   CODE SIZE        =     62    ----
   CONSTANT SIZE    =   ----    ----
   XDATA SIZE       =   ----    ----
   PDATA SIZE       =   ----    ----
   DATA SIZE        =   ----    ----
   IDATA SIZE       =   ----    ----
   BIT SIZE         =   ----    ----
END OF MODULE INFORMATION.


C51 COMPILATION COMPLETE.  0 WARNING(S),  0 ERROR(S)
